// Jest Snapshot v1, https://goo.gl/fbAQLP

exports[`<TokensList /> renders and matches the snapshot 1`] = `
<div
  className="TokensList"
>
  <div
    className="TokenItem"
    onClick={undefined}
  >
    <div
      className="TokenItem-image_wrapper"
    >
      <svg
        height={100}
        version="1.1"
        width={100}
        xmlns="http://www.w3.org/2000/svg"
      >
        <defs>
          <radialGradient
            id="fff000"
          >
            <stop
              offset="0%"
              stopColor="#fff"
            />
            <stop
              offset="100%"
              stopColor="#000"
            />
          </radialGradient>
        </defs>
        <circle
          cx={50}
          cy={50}
          fill="url(#fff000)"
          r={46}
          stroke="#fff"
          strokeWidth="2"
        />
      </svg>
    </div>
    <div
      className="TokenItem-label"
    >
      #fff â€“ #000
    </div>
  </div>
</div>
`;
