// Jest Snapshot v1, https://goo.gl/fbAQLP

exports[`<Button /> renders and matches the snapshot 1`] = `
<button
  className="Button undefined"
  onClick={undefined}
>
  Test
</button>
`;
