// Jest Snapshot v1, https://goo.gl/fbAQLP

exports[`<TokenView /> renders and matches the snapshot 1`] = `
<div>
  <div
    className="TokenView-image_wrapper"
  >
    <svg
      height={200}
      version="1.1"
      width={200}
      xmlns="http://www.w3.org/2000/svg"
    >
      <defs>
        <radialGradient
          id="000fff"
        >
          <stop
            offset="0%"
            stopColor="#000"
          />
          <stop
            offset="100%"
            stopColor="#fff"
          />
        </radialGradient>
      </defs>
      <circle
        cx={100}
        cy={100}
        fill="url(#000fff)"
        r={96}
        stroke="#fff"
        strokeWidth="2"
      />
    </svg>
  </div>
  <div
    className="TokenView-label"
  >
    #000 â€“ #fff
  </div>
</div>
`;
